21:41:20.429 [main] INFO  testCases.TC001_AccountRegistrationTest - ************ Validating Message ****
21:41:20.629 [main] INFO  testCases.TC001_AccountRegistrationTest - ************ Completed  TC001_AccountRegistrationTest ****
21:41:25.064 [main] INFO  testCases.TC002_LoginTest - ***Start TC002_LoginTest***
21:41:27.447 [main] INFO  testCases.TC002_LoginTest - ***Completed TC002_LoginTest***
12:30:09.676 [main] INFO  testCases.TC001_AccountRegistrationTest - ************ Starting  TC001_AccountRegistrationTest ****
12:30:10.027 [main] INFO  testCases.TC001_AccountRegistrationTest - ************ Clicked on My account ****
12:30:10.671 [main] INFO  testCases.TC001_AccountRegistrationTest - ************ Clicked on Register ****
12:30:10.677 [main] INFO  testCases.TC001_AccountRegistrationTest - ************ Providing Customer Details  ****
12:30:17.307 [main] INFO  testCases.TC001_AccountRegistrationTest - ************ Validating Message ****
12:30:17.534 [main] INFO  testCases.TC001_AccountRegistrationTest - ************ Completed  TC001_AccountRegistrationTest ****
12:30:20.933 [main] INFO  testCases.TC002_LoginTest - ***Start TC002_LoginTest***
12:30:26.702 [main] INFO  testCases.TC002_LoginTest - ***Completed TC002_LoginTest***
12:32:12.276 [TestNG-tests-2] INFO  testCases.TC001_AccountRegistrationTest - ************ Starting  TC001_AccountRegistrationTest ****
12:32:12.409 [TestNG-tests-2] ERROR testCases.TC001_AccountRegistrationTest - Test Failed: Cannot invoke "org.openqa.selenium.SearchContext.findElement(org.openqa.selenium.By)" because "this.searchContext" is null
12:32:12.409 [TestNG-tests-2] DEBUG testCases.TC001_AccountRegistrationTest - Debug Logs
12:32:16.021 [TestNG-tests-1] INFO  testCases.TC001_AccountRegistrationTest - ************ Starting  TC001_AccountRegistrationTest ****
12:32:16.306 [TestNG-tests-1] INFO  testCases.TC001_AccountRegistrationTest - ************ Clicked on My account ****
12:32:16.759 [TestNG-tests-1] INFO  testCases.TC001_AccountRegistrationTest - ************ Clicked on Register ****
12:32:16.764 [TestNG-tests-1] INFO  testCases.TC001_AccountRegistrationTest - ************ Providing Customer Details  ****
12:32:20.827 [TestNG-tests-1] INFO  testCases.TC001_AccountRegistrationTest - ************ Validating Message ****
12:32:21.058 [TestNG-tests-1] INFO  testCases.TC001_AccountRegistrationTest - ************ Completed  TC001_AccountRegistrationTest ****
12:32:24.361 [TestNG-tests-1] INFO  testCases.TC002_LoginTest - ***Start TC002_LoginTest***
12:32:27.541 [TestNG-tests-1] INFO  testCases.TC002_LoginTest - ***Completed TC002_LoginTest***
13:03:02.893 [main] INFO  testCases.TC001_AccountRegistrationTest - ************ Starting  TC001_AccountRegistrationTest ****
13:03:03.213 [main] INFO  testCases.TC001_AccountRegistrationTest - ************ Clicked on My account ****
13:03:03.740 [main] INFO  testCases.TC001_AccountRegistrationTest - ************ Clicked on Register ****
13:03:03.783 [main] INFO  testCases.TC001_AccountRegistrationTest - ************ Providing Customer Details  ****
13:03:07.163 [main] INFO  testCases.TC001_AccountRegistrationTest - ************ Validating Message ****
13:03:07.302 [main] INFO  testCases.TC001_AccountRegistrationTest - ************ Completed  TC001_AccountRegistrationTest ****
13:03:11.779 [main] INFO  testCases.TC002_LoginTest - ***Start TC002_LoginTest***
13:03:14.693 [main] INFO  testCases.TC002_LoginTest - ***Completed TC002_LoginTest***
15:57:01.672 [main] INFO  testCases.TC001_AccountRegistrationTest - ************ Starting  TC001_AccountRegistrationTest ****
15:57:01.871 [main] INFO  testCases.TC001_AccountRegistrationTest - ************ Clicked on My account ****
15:57:02.552 [main] INFO  testCases.TC001_AccountRegistrationTest - ************ Clicked on Register ****
15:57:02.558 [main] INFO  testCases.TC001_AccountRegistrationTest - ************ Providing Customer Details  ****
15:57:05.059 [main] INFO  testCases.TC001_AccountRegistrationTest - ************ Validating Message ****
15:57:05.146 [main] INFO  testCases.TC001_AccountRegistrationTest - ************ Completed  TC001_AccountRegistrationTest ****
15:57:09.702 [main] INFO  testCases.TC002_LoginTest - ***Start TC002_LoginTest***
15:57:11.790 [main] INFO  testCases.TC002_LoginTest - ***Completed TC002_LoginTest***
